Gaussian Blur scalability + correctness report
Blur radius: 7, pixel tolerance: 1
Max OMP threads available: 16
Images scanned: 4 in images/

=== large.jpg (2400x1800, radius=7) ===
Threads  | Time(s)    | Speedup  | Efficiency | Correctness
---------+------------+----------+------------+----------------------
1        | 1.1804     | 1.000    | 1.000      | reference (blur OK)
2        | 0.6665     | 1.771    | 0.886      | OK (matches T=1)
4        | 0.4096     | 2.882    | 0.720      | OK (matches T=1)
8        | 0.3361     | 3.512    | 0.439      | OK (matches T=1)
16       | 0.1817     | 6.496    | 0.406      | OK (matches T=1)

=== medium.jpg (1600x1200, radius=7) ===
Threads  | Time(s)    | Speedup  | Efficiency | Correctness
---------+------------+----------+------------+----------------------
1        | 0.6303     | 1.000    | 1.000      | reference (blur OK)
2        | 0.3183     | 1.980    | 0.990      | OK (matches T=1)
4        | 0.1654     | 3.810    | 0.953      | OK (matches T=1)
8        | 0.1242     | 5.075    | 0.634      | OK (matches T=1)
16       | 0.1360     | 4.636    | 0.290      | OK (matches T=1)

=== small.jpg (800x600, radius=7) ===
Threads  | Time(s)    | Speedup  | Efficiency | Correctness
---------+------------+----------+------------+----------------------
1        | 0.2188     | 1.000    | 1.000      | reference (blur OK)
2        | 0.0764     | 2.865    | 1.433      | OK (matches T=1)
4        | 0.0445     | 4.919    | 1.230      | OK (matches T=1)
8        | 0.0358     | 6.115    | 0.764      | OK (matches T=1)
16       | 0.0232     | 9.413    | 0.588      | OK (matches T=1)

=== xlarge.jpg (3200x2400, radius=7) ===
Threads  | Time(s)    | Speedup  | Efficiency | Correctness
---------+------------+----------+------------+----------------------
1        | 2.2872     | 1.000    | 1.000      | reference (blur OK)
2        | 1.2359     | 1.851    | 0.925      | OK (matches T=1)
4        | 0.7435     | 3.076    | 0.769      | OK (matches T=1)
8        | 0.7002     | 3.267    | 0.408      | OK (matches T=1)
16       | 0.3851     | 5.939    | 0.371      | OK (matches T=1)
